========================================================================
THE BREAKER CLASS OVER THE WHOLE DOMAIN, AND THE DERIVED SLOPE LIMITS
========================================================================
saturation_slope_limit 2K/5 = 0.0600  (above it no surf zone saturates -- the reflective end)
Battjes deep thresholds  spilling < 0.5 < plunging < 3.3 < surging
Battjes local thresholds spilling < 0.4 < plunging < 2.0 < surging

CROSS-SHORE BED SLOPE over the wet bay (|m|):
   p50    0.0166  (1:60.2)
   p90    0.0800  (1:12.5)
   p99    0.7617  (1:1.3)
   p99.9  1.3415  (1:0.7)
   max    1.4016  (1:0.7)
   share of wet bay steeper than 2K/5 = 0.0600 : 0.3935

LOCAL xi over every BREAKING cell (9490 cells):
   p50    0.4233
   p90    1.1937
   p99    16.5192
   p99.9  20.3444
   max    20.8821
   share plunging (xi >= 0.4, local convention)  0.50938
   share surging  (xi >= 2.0, local convention)  0.05090

IN THE 0.5-5 m BAND (9651 cells): steepest |m| 0.2443, share > 2K/5 0.11937
   steep cells at x 468.0..648.0 m, depth 0.50..3.90 m
   their xi: median 0.5265  max 1.2943

WHAT WOULD HAVE TO CHANGE, in the scene declaration:
   T =  9.0 s : on tan_beta = 0.0188, xi_0 >= 0.5 needs H0 <= 0.18 m
   T = 12.0 s : on tan_beta = 0.0188, xi_0 >= 0.5 needs H0 <= 0.32 m
   T = 15.0 s : on tan_beta = 0.0188, xi_0 >= 0.5 needs H0 <= 0.50 m
   T = 18.0 s : on tan_beta = 0.0188, xi_0 >= 0.5 needs H0 <= 0.71 m
   (the scene declares H0 = 1.50 m at T = 9.0 s)

========================================================================
THE SLOPE WINDOW IS THE INSTRUMENT -- xi_b at the breakpoint
========================================================================
  window +-10 cells ( 40 m): |m| med 0.0290 (1:34.5)  xi_b med 0.142  range 0.085..0.208  rows plunging 0/89
  window +- 5 cells ( 20 m): |m| med 0.0510 (1:19.6)  xi_b med 0.247  range 0.170..0.365  rows plunging 0/89
  window +- 2 cells (  8 m): |m| med 0.0639 (1:15.7)  xi_b med 0.307  range 0.223..0.580  rows plunging 22/89
  window +- 1 cells (  4 m): |m| med 0.0486 (1:20.6)  xi_b med 0.230  range 0.003..1.066  rows plunging 22/89

AT THE STEEPEST CELL OF THE BAR FLANK, per row -- the face the wave meets:
  rows 89  x 480..552 m  d 2.01..2.67 m
  |m| median 0.2268 (1:4.4)  max 0.2443 (1:4.1)
  xi median 1.110  range 0.967..1.203
  rows PLUNGING (local xi>=0.4) 89/89 ; deep convention (>=0.5) 89/89

THE CROSS-SHORE PROFILE AT THE MIDDLE ROW, across the bar flank:
     x       h       d      H     H/d     |m|     1:x      xi     q_b
   470  -3.982   3.933  1.610  0.409  0.0073   136.2   0.043   0.030
   472  -3.967   3.885  1.613  0.415  0.0083   120.5   0.048   0.033
   474  -3.949   3.824  1.618  0.423  0.0116    86.6   0.066   0.038
   476  -3.921   3.745  1.624  0.434  0.0180    55.4   0.103   0.046
   478  -3.877   3.642  1.632  0.448  0.0295    33.9   0.167   0.058
   480  -3.803   3.516  1.644  0.467  0.0469    21.3   0.262   0.076
   482  -3.689   3.373  1.657  0.491  0.0681    14.7   0.375   0.105
   484  -3.530   3.218  1.673  0.520  0.0976    10.2   0.529   0.146
   486  -3.299   3.054  1.691  0.554  0.1206     8.3   0.643   0.207
   488  -3.048   2.875  1.712  0.595  0.1584     6.3   0.827   0.301
   490  -2.665   2.684  1.736  0.647  0.1754     5.7   0.895   0.448
   492  -2.346   2.496  1.762  0.706  0.2101     4.8   1.045   0.662
   494  -1.825   2.333  1.787  0.766  0.2232     4.5   1.085   0.929
   496  -1.454   2.216  1.805  0.815  0.0312    32.1   0.149   1.000
   498  -1.700   2.159  1.723  0.798  0.1107     9.0   0.538   1.000
